exports[`test HomeContainer renders correctly 1`] = `
<div
  className="home-container">
  <p>
    Loading...
  </p>
</div>
`;
