// Jest Snapshot v1, https://goo.gl/fbAQLP

exports[`renders correctly when videoUrl state is null 1`] = `
<div
  className="video-player-container"
/>
`;
