exports[`test SeriesVideoList renders correctly 1`] = `
<div>
  hello
</div>
`;
